ICM20948.c:26:7:ICM_readBytes	16	static
ICM20948.c:36:7:ICM_WriteBytes	16	static
ICM20948.c:47:7:ICM_ReadOneByte	16	static
ICM20948.c:61:7:ICM_WriteOneByte	16	static
ICM20948.c:77:7:i2c_Mag_write	16	static
ICM20948.c:94:17:ICM_Mag_Read	24	static
ICM20948.c:123:6:ICM_PowerOn	16	static
ICM20948.c:217:11:ICM_Initialize	8	static
ICM20948.c:259:7:ICM_ReadAccelGyroData	24	static
ICM20948.c:281:7:ICM_ReadMagData	32	static
ICM20948.c:908:6:ICM_SelectBank	16	static
ICM20948.c:911:6:ICM_Disable_I2C	8	static
ICM20948.c:914:6:ICM_CSHigh	8	static
ICM20948.c:917:6:ICM_CSLow	8	static
ICM20948.c:920:6:ICM_SetClock	16	static
ICM20948.c:923:6:ICM_AccelGyroOff	8	static
ICM20948.c:926:6:ICM_AccelGyroOn	8	static
ICM20948.c:929:9:ICM_WHOAMI	16	static
ICM20948.c:934:6:ICM_SetGyroRateLPF	16	static
