core_cm4.h:2064:26:ITM_SendChar	16	static,ignoring_inline_asm
main.c:159:5:_write	32	static
main.c:168:5:main	2032	static
main.c:798:6:SystemClock_Config	88	static
main.c:838:13:MX_ADC1_Init	24	static
main.c:896:13:MX_CAN1_Init	8	static
main.c:933:13:MX_CAN2_Init	8	static
main.c:970:13:MX_SPI1_Init	8	static
main.c:1008:13:MX_TIM2_Init	48	static
main.c:1057:13:MX_UART4_Init	8	static
main.c:1092:13:MX_USART2_UART_Init	8	static
main.c:1123:13:MX_DMA_Init	16	static
main.c:1151:13:MX_GPIO_Init	40	static
main.c:1194:5:nmea0183_checksum	24	static
main.c:1211:6:HAL_UART_RxHalfCpltCallback	16	static
main.c:1217:6:HAL_UART_RxCpltCallback	16	static
main.c:1223:5:bufsize	24	static
main.c:1230:6:clear_buffer	16	static
main.c:1241:6:Error_Handler	4	static,ignoring_inline_asm
