stm32f4xx_it.c:64:6:SDTimer_Handler	4	static
stm32f4xx_it.c:90:6:NMI_Handler	4	static
stm32f4xx_it.c:105:6:HardFault_Handler	4	static
stm32f4xx_it.c:120:6:MemManage_Handler	4	static
stm32f4xx_it.c:135:6:BusFault_Handler	4	static
stm32f4xx_it.c:150:6:UsageFault_Handler	4	static
stm32f4xx_it.c:165:6:SVC_Handler	4	static
stm32f4xx_it.c:178:6:DebugMon_Handler	4	static
stm32f4xx_it.c:191:6:PendSV_Handler	4	static
stm32f4xx_it.c:204:6:SysTick_Handler	8	static
stm32f4xx_it.c:230:6:DMA1_Stream2_IRQHandler	8	static
stm32f4xx_it.c:244:6:EXTI15_10_IRQHandler	8	static
stm32f4xx_it.c:258:6:DMA2_Stream0_IRQHandler	8	static
stm32f4xx_it.c:272:6:DMA2_Stream3_IRQHandler	8	static
stm32f4xx_it.c:286:6:DMA2_Stream4_IRQHandler	8	static
stm32f4xx_it.c:300:6:CAN2_RX0_IRQHandler	8	static
